NullInjectorError: NullInjectorError: No provider for _HttpClient!_____________________________________________________________________
{import { ApplicationConfig, provideZoneChangeDetection } from '@angular/core';
import { provideRouter } from '@angular/router';
import { HttpClientModule, provideHttpClient } from '@angular/common/http';

import { routes } from './app.routes';

export const appConfig: ApplicationConfig = {
  providers: [provideZoneChangeDetection({ eventCoalescing: true }), provideRouter(routes),provideHttpClient()]
};
}